{"synthetic": false,
 "schemaVersion": "2025-09-10",
 "outputs":
 {"o": ["5b38deff5d25541b.olean"],
  "m": false,
  "i": "fc4e84a0126a60ca.ilean",
  "c": "e7099f7e602dd632.c"},
 "log":
 [{"message":
   ".> LEAN_PATH=/home/runner/work/oak/oak/spec/lean/.lake/build/lib/lean /home/runner/.elan/toolchains/leanprover--lean4---v4.33.1/bin/lean /home/runner/work/oak/oak/spec/lean/Oak/Borrowing.lean -o /home/runner/work/oak/oak/spec/lean/.lake/build/lib/lean/Oak/Borrowing.olean -i /home/runner/work/oak/oak/spec/lean/.lake/build/lib/lean/Oak/Borrowing.ilean -c /home/runner/work/oak/oak/spec/lean/.lake/build/ir/Oak/Borrowing.c --setup /home/runner/work/oak/oak/spec/lean/.lake/build/ir/Oak/Borrowing.setup.json --json",
   "level": "trace"}],
 "inputs":
 [["deps",
   [["«oak-spec»/Oak:extraDep", [["@«oak-spec»:extraDep", "00000000000006bb"]]],
    ["imports", "00000000000006bb"]]],
  ["libs",
   [["import dynlibs", "00000000000006bb"],
    ["package external libraries", "00000000000006bb"],
    ["module dynlibs", "00000000000006bb"],
    ["module plugins", "00000000000006bb"]]],
  ["Lean 4.33.1, commit 819816b2e0a3bf405af45ae5c7af2491d8f5bee6",
   "0051240b7c23c453"],
  ["/home/runner/work/oak/oak/spec/lean/Oak/Borrowing.lean",
   "4351f0d6cf55fbbd"],
  ["options", "00000000000006bb"],
  ["isModule: false", "feefd2a0d3a1847e"],
  ["Module.name: Oak.Borrowing", "873ef0437b0a4b85"],
  ["Package.id?: (some oak-spec)", "d0f7d8d2397854e7"],
  ["Module.leanArgs: #[]", "00000000000006bb"]],
 "depHash": "bc9f2ad286be137b"}