{"synthetic": false,
 "schemaVersion": "2025-09-10",
 "outputs":
 {"o": ["a091ddbe22cdb69b.olean"],
  "m": false,
  "i": "0be2f6e7e461d6c4.ilean",
  "c": "81c0a06b1f60f234.c"},
 "log":
 [{"message":
   ".> LEAN_PATH=/home/runner/work/oak/oak/spec/lean/.lake/build/lib/lean /home/runner/.elan/toolchains/leanprover--lean4---v4.33.1/bin/lean /home/runner/work/oak/oak/spec/lean/Oak/BorrowRegions.lean -o /home/runner/work/oak/oak/spec/lean/.lake/build/lib/lean/Oak/BorrowRegions.olean -i /home/runner/work/oak/oak/spec/lean/.lake/build/lib/lean/Oak/BorrowRegions.ilean -c /home/runner/work/oak/oak/spec/lean/.lake/build/ir/Oak/BorrowRegions.c --setup /home/runner/work/oak/oak/spec/lean/.lake/build/ir/Oak/BorrowRegions.setup.json --json",
   "level": "trace"}],
 "inputs":
 [["deps",
   [["«oak-spec»/Oak:extraDep", [["@«oak-spec»:extraDep", "00000000000006bb"]]],
    ["imports", "00000000000006bb"]]],
  ["libs",
   [["import dynlibs", "00000000000006bb"],
    ["package external libraries", "00000000000006bb"],
    ["module dynlibs", "00000000000006bb"],
    ["module plugins", "00000000000006bb"]]],
  ["Lean 4.33.1, commit 819816b2e0a3bf405af45ae5c7af2491d8f5bee6",
   "0051240b7c23c453"],
  ["/home/runner/work/oak/oak/spec/lean/Oak/BorrowRegions.lean",
   "8f2e5b3419b0fcc4"],
  ["options", "00000000000006bb"],
  ["isModule: false", "feefd2a0d3a1847e"],
  ["Module.name: Oak.BorrowRegions", "e4c8c9c0aa8bcda8"],
  ["Package.id?: (some oak-spec)", "d0f7d8d2397854e7"],
  ["Module.leanArgs: #[]", "00000000000006bb"]],
 "depHash": "08840d8d94c3c6ff"}