{"synthetic": false,
 "schemaVersion": "2025-09-10",
 "outputs":
 {"o": ["723862d39a7ad1f5.olean"],
  "m": false,
  "i": "983696815b25ac26.ilean",
  "c": "559f39da40a2da66.c"},
 "log":
 [{"message":
   ".> LEAN_PATH=/home/runner/work/oak/oak/spec/lean/.lake/build/lib/lean /home/runner/.elan/toolchains/leanprover--lean4---v4.33.1/bin/lean /home/runner/work/oak/oak/spec/lean/Oak/Delimited.lean -o /home/runner/work/oak/oak/spec/lean/.lake/build/lib/lean/Oak/Delimited.olean -i /home/runner/work/oak/oak/spec/lean/.lake/build/lib/lean/Oak/Delimited.ilean -c /home/runner/work/oak/oak/spec/lean/.lake/build/ir/Oak/Delimited.c --setup /home/runner/work/oak/oak/spec/lean/.lake/build/ir/Oak/Delimited.setup.json --json",
   "level": "trace"}],
 "inputs":
 [["deps",
   [["«oak-spec»/Oak:extraDep", [["@«oak-spec»:extraDep", "00000000000006bb"]]],
    ["imports", "00000000000006bb"]]],
  ["libs",
   [["import dynlibs", "00000000000006bb"],
    ["package external libraries", "00000000000006bb"],
    ["module dynlibs", "00000000000006bb"],
    ["module plugins", "00000000000006bb"]]],
  ["Lean 4.33.1, commit 819816b2e0a3bf405af45ae5c7af2491d8f5bee6",
   "0051240b7c23c453"],
  ["/home/runner/work/oak/oak/spec/lean/Oak/Delimited.lean",
   "0910e8721cf8430e"],
  ["options", "00000000000006bb"],
  ["isModule: false", "feefd2a0d3a1847e"],
  ["Module.name: Oak.Delimited", "7716ee974b7a68c9"],
  ["Package.id?: (some oak-spec)", "d0f7d8d2397854e7"],
  ["Module.leanArgs: #[]", "00000000000006bb"]],
 "depHash": "fb7a339aba90272c"}