{"synthetic": false,
 "schemaVersion": "2025-09-10",
 "outputs":
 {"o": ["543b17cca2210b15.olean"],
  "m": false,
  "i": "7b9d79da06d75218.ilean",
  "c": "23e94651ffead5fd.c"},
 "log":
 [{"message":
   ".> LEAN_PATH=/home/runner/work/oak/oak/spec/lean/.lake/build/lib/lean /home/runner/.elan/toolchains/leanprover--lean4---v4.33.1/bin/lean /home/runner/work/oak/oak/spec/lean/Oak/Effects.lean -o /home/runner/work/oak/oak/spec/lean/.lake/build/lib/lean/Oak/Effects.olean -i /home/runner/work/oak/oak/spec/lean/.lake/build/lib/lean/Oak/Effects.ilean -c /home/runner/work/oak/oak/spec/lean/.lake/build/ir/Oak/Effects.c --setup /home/runner/work/oak/oak/spec/lean/.lake/build/ir/Oak/Effects.setup.json --json",
   "level": "trace"}],
 "inputs":
 [["deps",
   [["«oak-spec»/Oak:extraDep", [["@«oak-spec»:extraDep", "00000000000006bb"]]],
    ["imports", "00000000000006bb"]]],
  ["libs",
   [["import dynlibs", "00000000000006bb"],
    ["package external libraries", "00000000000006bb"],
    ["module dynlibs", "00000000000006bb"],
    ["module plugins", "00000000000006bb"]]],
  ["Lean 4.33.1, commit 819816b2e0a3bf405af45ae5c7af2491d8f5bee6",
   "0051240b7c23c453"],
  ["/home/runner/work/oak/oak/spec/lean/Oak/Effects.lean", "ad52ea9840241f10"],
  ["options", "00000000000006bb"],
  ["isModule: false", "feefd2a0d3a1847e"],
  ["Module.name: Oak.Effects", "6138622c47cc50fa"],
  ["Package.id?: (some oak-spec)", "d0f7d8d2397854e7"],
  ["Module.leanArgs: #[]", "00000000000006bb"]],
 "depHash": "c99785796af22772"}