{"synthetic": false,
 "schemaVersion": "2025-09-10",
 "outputs":
 {"o": ["60b3b9d589fe6bea.olean"],
  "m": false,
  "i": "1c1a2ab3631f3daa.ilean",
  "c": "206fe095af9f3c33.c"},
 "log":
 [{"message":
   ".> LEAN_PATH=/home/runner/work/oak/oak/spec/lean/.lake/build/lib/lean /home/runner/.elan/toolchains/leanprover--lean4---v4.33.1/bin/lean /home/runner/work/oak/oak/spec/lean/Oak/Exhaustiveness.lean -o /home/runner/work/oak/oak/spec/lean/.lake/build/lib/lean/Oak/Exhaustiveness.olean -i /home/runner/work/oak/oak/spec/lean/.lake/build/lib/lean/Oak/Exhaustiveness.ilean -c /home/runner/work/oak/oak/spec/lean/.lake/build/ir/Oak/Exhaustiveness.c --setup /home/runner/work/oak/oak/spec/lean/.lake/build/ir/Oak/Exhaustiveness.setup.json --json",
   "level": "trace"}],
 "inputs":
 [["deps",
   [["«oak-spec»/Oak:extraDep", [["@«oak-spec»:extraDep", "00000000000006bb"]]],
    ["imports", "00000000000006bb"]]],
  ["libs",
   [["import dynlibs", "00000000000006bb"],
    ["package external libraries", "00000000000006bb"],
    ["module dynlibs", "00000000000006bb"],
    ["module plugins", "00000000000006bb"]]],
  ["Lean 4.33.1, commit 819816b2e0a3bf405af45ae5c7af2491d8f5bee6",
   "0051240b7c23c453"],
  ["/home/runner/work/oak/oak/spec/lean/Oak/Exhaustiveness.lean",
   "87648fad5417f0d3"],
  ["options", "00000000000006bb"],
  ["isModule: false", "feefd2a0d3a1847e"],
  ["Module.name: Oak.Exhaustiveness", "b3fb948e37593950"],
  ["Package.id?: (some oak-spec)", "d0f7d8d2397854e7"],
  ["Module.leanArgs: #[]", "00000000000006bb"]],
 "depHash": "6fadc11ca6a6aa17"}