{"synthetic": false,
 "schemaVersion": "2025-09-10",
 "outputs":
 {"o": ["f38ddcab70056209.olean"],
  "m": false,
  "i": "1f73112ff4b2b2e2.ilean",
  "c": "01afad9aaeab274d.c"},
 "log":
 [{"message":
   ".> LEAN_PATH=/home/runner/work/oak/oak/spec/lean/.lake/build/lib/lean /home/runner/.elan/toolchains/leanprover--lean4---v4.33.1/bin/lean /home/runner/work/oak/oak/spec/lean/Oak/GenericConstraintRefinement.lean -o /home/runner/work/oak/oak/spec/lean/.lake/build/lib/lean/Oak/GenericConstraintRefinement.olean -i /home/runner/work/oak/oak/spec/lean/.lake/build/lib/lean/Oak/GenericConstraintRefinement.ilean -c /home/runner/work/oak/oak/spec/lean/.lake/build/ir/Oak/GenericConstraintRefinement.c --setup /home/runner/work/oak/oak/spec/lean/.lake/build/ir/Oak/GenericConstraintRefinement.setup.json --json",
   "level": "trace"}],
 "inputs":
 [["deps",
   [["«oak-spec»/Oak:extraDep", [["@«oak-spec»:extraDep", "00000000000006bb"]]],
    ["imports",
     [["Oak.RecordShapeRefinement transitive imports (legacy)",
       "ef166df946f356a4"],
      ["Oak.RecordShapeRefinement:importAllArts", "16a02cca0f518e3a"]]]]],
  ["libs",
   [["import dynlibs", "00000000000006bb"],
    ["package external libraries", "00000000000006bb"],
    ["module dynlibs", "00000000000006bb"],
    ["module plugins", "00000000000006bb"]]],
  ["Lean 4.33.1, commit 819816b2e0a3bf405af45ae5c7af2491d8f5bee6",
   "0051240b7c23c453"],
  ["/home/runner/work/oak/oak/spec/lean/Oak/GenericConstraintRefinement.lean",
   "de24319c0038b9a5"],
  ["options", "00000000000006bb"],
  ["isModule: false", "feefd2a0d3a1847e"],
  ["Module.name: Oak.GenericConstraintRefinement", "309f4dc7e7706097"],
  ["Package.id?: (some oak-spec)", "d0f7d8d2397854e7"],
  ["Module.leanArgs: #[]", "00000000000006bb"]],
 "depHash": "a6e96d4561e6ad25"}