{"synthetic": false,
 "schemaVersion": "2025-09-10",
 "outputs":
 {"o": ["25cd2fd49ff9a142.olean"],
  "m": false,
  "i": "4346960f7afb733e.ilean",
  "c": "27478689d58db727.c"},
 "log":
 [{"message":
   ".> LEAN_PATH=/home/runner/work/oak/oak/spec/lean/.lake/build/lib/lean /home/runner/.elan/toolchains/leanprover--lean4---v4.33.1/bin/lean /home/runner/work/oak/oak/spec/lean/Oak/Layout.lean -o /home/runner/work/oak/oak/spec/lean/.lake/build/lib/lean/Oak/Layout.olean -i /home/runner/work/oak/oak/spec/lean/.lake/build/lib/lean/Oak/Layout.ilean -c /home/runner/work/oak/oak/spec/lean/.lake/build/ir/Oak/Layout.c --setup /home/runner/work/oak/oak/spec/lean/.lake/build/ir/Oak/Layout.setup.json --json",
   "level": "trace"}],
 "inputs":
 [["deps",
   [["«oak-spec»/Oak:extraDep", [["@«oak-spec»:extraDep", "00000000000006bb"]]],
    ["imports", "00000000000006bb"]]],
  ["libs",
   [["import dynlibs", "00000000000006bb"],
    ["package external libraries", "00000000000006bb"],
    ["module dynlibs", "00000000000006bb"],
    ["module plugins", "00000000000006bb"]]],
  ["Lean 4.33.1, commit 819816b2e0a3bf405af45ae5c7af2491d8f5bee6",
   "0051240b7c23c453"],
  ["/home/runner/work/oak/oak/spec/lean/Oak/Layout.lean", "6c9848039063b074"],
  ["options", "00000000000006bb"],
  ["isModule: false", "feefd2a0d3a1847e"],
  ["Module.name: Oak.Layout", "04ba6600a3d52c5b"],
  ["Package.id?: (some oak-spec)", "d0f7d8d2397854e7"],
  ["Module.leanArgs: #[]", "00000000000006bb"]],
 "depHash": "fc13001660f14a24"}