{"synthetic": false,
 "schemaVersion": "2025-09-10",
 "outputs":
 {"o": ["c1387c41f7af535a.olean"],
  "m": false,
  "i": "9986de2dd9c5f8e8.ilean",
  "c": "042bc2cbd505b975.c"},
 "log":
 [{"message":
   ".> LEAN_PATH=/home/runner/work/oak/oak/spec/lean/.lake/build/lib/lean /home/runner/.elan/toolchains/leanprover--lean4---v4.33.1/bin/lean /home/runner/work/oak/oak/spec/lean/Oak/PhantomRepresentation.lean -o /home/runner/work/oak/oak/spec/lean/.lake/build/lib/lean/Oak/PhantomRepresentation.olean -i /home/runner/work/oak/oak/spec/lean/.lake/build/lib/lean/Oak/PhantomRepresentation.ilean -c /home/runner/work/oak/oak/spec/lean/.lake/build/ir/Oak/PhantomRepresentation.c --setup /home/runner/work/oak/oak/spec/lean/.lake/build/ir/Oak/PhantomRepresentation.setup.json --json",
   "level": "trace"}],
 "inputs":
 [["deps",
   [["«oak-spec»/Oak:extraDep", [["@«oak-spec»:extraDep", "00000000000006bb"]]],
    ["imports", "00000000000006bb"]]],
  ["libs",
   [["import dynlibs", "00000000000006bb"],
    ["package external libraries", "00000000000006bb"],
    ["module dynlibs", "00000000000006bb"],
    ["module plugins", "00000000000006bb"]]],
  ["Lean 4.33.1, commit 819816b2e0a3bf405af45ae5c7af2491d8f5bee6",
   "0051240b7c23c453"],
  ["/home/runner/work/oak/oak/spec/lean/Oak/PhantomRepresentation.lean",
   "26fa3e9d644eab00"],
  ["options", "00000000000006bb"],
  ["isModule: false", "feefd2a0d3a1847e"],
  ["Module.name: Oak.PhantomRepresentation", "8764cd5d8d40a7b1"],
  ["Package.id?: (some oak-spec)", "d0f7d8d2397854e7"],
  ["Module.leanArgs: #[]", "00000000000006bb"]],
 "depHash": "a4f1f50017f68722"}