{"synthetic": false,
 "schemaVersion": "2025-09-10",
 "outputs":
 {"o": ["7642d2e5583ddd66.olean"],
  "m": false,
  "i": "4413a72ab8412d6f.ilean",
  "c": "1bac3ee98166730e.c"},
 "log":
 [{"message":
   ".> LEAN_PATH=/home/runner/work/oak/oak/spec/lean/.lake/build/lib/lean /home/runner/.elan/toolchains/leanprover--lean4---v4.33.1/bin/lean /home/runner/work/oak/oak/spec/lean/Oak/Reborrow.lean -o /home/runner/work/oak/oak/spec/lean/.lake/build/lib/lean/Oak/Reborrow.olean -i /home/runner/work/oak/oak/spec/lean/.lake/build/lib/lean/Oak/Reborrow.ilean -c /home/runner/work/oak/oak/spec/lean/.lake/build/ir/Oak/Reborrow.c --setup /home/runner/work/oak/oak/spec/lean/.lake/build/ir/Oak/Reborrow.setup.json --json",
   "level": "trace"}],
 "inputs":
 [["deps",
   [["«oak-spec»/Oak:extraDep", [["@«oak-spec»:extraDep", "00000000000006bb"]]],
    ["imports", "00000000000006bb"]]],
  ["libs",
   [["import dynlibs", "00000000000006bb"],
    ["package external libraries", "00000000000006bb"],
    ["module dynlibs", "00000000000006bb"],
    ["module plugins", "00000000000006bb"]]],
  ["Lean 4.33.1, commit 819816b2e0a3bf405af45ae5c7af2491d8f5bee6",
   "0051240b7c23c453"],
  ["/home/runner/work/oak/oak/spec/lean/Oak/Reborrow.lean", "7a15151ac96c98e0"],
  ["options", "00000000000006bb"],
  ["isModule: false", "feefd2a0d3a1847e"],
  ["Module.name: Oak.Reborrow", "660e9e0a56aa3847"],
  ["Package.id?: (some oak-spec)", "d0f7d8d2397854e7"],
  ["Module.leanArgs: #[]", "00000000000006bb"]],
 "depHash": "d696e0af2808776d"}