{"synthetic": false,
 "schemaVersion": "2025-09-10",
 "outputs":
 {"o": ["82e9646c27a9ac2e.olean"],
  "m": false,
  "i": "363c213da097da5e.ilean",
  "c": "f803d35ed87387df.c"},
 "log":
 [{"message":
   ".> LEAN_PATH=/home/runner/work/oak/oak/spec/lean/.lake/build/lib/lean /home/runner/.elan/toolchains/leanprover--lean4---v4.33.1/bin/lean /home/runner/work/oak/oak/spec/lean/Oak/RecordShape.lean -o /home/runner/work/oak/oak/spec/lean/.lake/build/lib/lean/Oak/RecordShape.olean -i /home/runner/work/oak/oak/spec/lean/.lake/build/lib/lean/Oak/RecordShape.ilean -c /home/runner/work/oak/oak/spec/lean/.lake/build/ir/Oak/RecordShape.c --setup /home/runner/work/oak/oak/spec/lean/.lake/build/ir/Oak/RecordShape.setup.json --json",
   "level": "trace"}],
 "inputs":
 [["deps",
   [["«oak-spec»/Oak:extraDep", [["@«oak-spec»:extraDep", "00000000000006bb"]]],
    ["imports", "00000000000006bb"]]],
  ["libs",
   [["import dynlibs", "00000000000006bb"],
    ["package external libraries", "00000000000006bb"],
    ["module dynlibs", "00000000000006bb"],
    ["module plugins", "00000000000006bb"]]],
  ["Lean 4.33.1, commit 819816b2e0a3bf405af45ae5c7af2491d8f5bee6",
   "0051240b7c23c453"],
  ["/home/runner/work/oak/oak/spec/lean/Oak/RecordShape.lean",
   "70bc78aa540d7107"],
  ["options", "00000000000006bb"],
  ["isModule: false", "feefd2a0d3a1847e"],
  ["Module.name: Oak.RecordShape", "d79804f9fb74c896"],
  ["Package.id?: (some oak-spec)", "d0f7d8d2397854e7"],
  ["Module.leanArgs: #[]", "00000000000006bb"]],
 "depHash": "668adab60b14dab4"}