{"synthetic": false,
 "schemaVersion": "2025-09-10",
 "outputs":
 {"o": ["47353869e6d28fa0.olean"],
  "m": false,
  "i": "2bc7b86387fe8712.ilean",
  "c": "f56e833854dc3d1c.c"},
 "log":
 [{"message":
   ".> LEAN_PATH=/home/runner/work/oak/oak/spec/lean/.lake/build/lib/lean /home/runner/.elan/toolchains/leanprover--lean4---v4.33.1/bin/lean /home/runner/work/oak/oak/spec/lean/Oak/RecordShapeRefinement.lean -o /home/runner/work/oak/oak/spec/lean/.lake/build/lib/lean/Oak/RecordShapeRefinement.olean -i /home/runner/work/oak/oak/spec/lean/.lake/build/lib/lean/Oak/RecordShapeRefinement.ilean -c /home/runner/work/oak/oak/spec/lean/.lake/build/ir/Oak/RecordShapeRefinement.c --setup /home/runner/work/oak/oak/spec/lean/.lake/build/ir/Oak/RecordShapeRefinement.setup.json --json",
   "level": "trace"}],
 "inputs":
 [["deps",
   [["«oak-spec»/Oak:extraDep", [["@«oak-spec»:extraDep", "00000000000006bb"]]],
    ["imports",
     [["Oak.RecordShape transitive imports (legacy)", "00000000000006bb"],
      ["Oak.RecordShape:importAllArts", "ce99b2c79d36b0b6"]]]]],
  ["libs",
   [["import dynlibs", "00000000000006bb"],
    ["package external libraries", "00000000000006bb"],
    ["module dynlibs", "00000000000006bb"],
    ["module plugins", "00000000000006bb"]]],
  ["Lean 4.33.1, commit 819816b2e0a3bf405af45ae5c7af2491d8f5bee6",
   "0051240b7c23c453"],
  ["/home/runner/work/oak/oak/spec/lean/Oak/RecordShapeRefinement.lean",
   "97196b1cebec294f"],
  ["options", "00000000000006bb"],
  ["isModule: false", "feefd2a0d3a1847e"],
  ["Module.name: Oak.RecordShapeRefinement", "aaa87d88f3859a5f"],
  ["Package.id?: (some oak-spec)", "d0f7d8d2397854e7"],
  ["Module.leanArgs: #[]", "00000000000006bb"]],
 "depHash": "452bfe9f7189b1ba"}