{"synthetic": false,
 "schemaVersion": "2025-09-10",
 "outputs":
 {"o": ["34233151c95f3251.olean"],
  "m": false,
  "i": "9612d9f88bdc9b78.ilean",
  "c": "225de6d331afbf08.c"},
 "log":
 [{"message":
   ".> LEAN_PATH=/home/runner/work/oak/oak/spec/lean/.lake/build/lib/lean /home/runner/.elan/toolchains/leanprover--lean4---v4.33.1/bin/lean /home/runner/work/oak/oak/spec/lean/Oak/RecordLayout.lean -o /home/runner/work/oak/oak/spec/lean/.lake/build/lib/lean/Oak/RecordLayout.olean -i /home/runner/work/oak/oak/spec/lean/.lake/build/lib/lean/Oak/RecordLayout.ilean -c /home/runner/work/oak/oak/spec/lean/.lake/build/ir/Oak/RecordLayout.c --setup /home/runner/work/oak/oak/spec/lean/.lake/build/ir/Oak/RecordLayout.setup.json --json",
   "level": "trace"}],
 "inputs":
 [["deps",
   [["«oak-spec»/Oak:extraDep", [["@«oak-spec»:extraDep", "00000000000006bb"]]],
    ["imports", "00000000000006bb"]]],
  ["libs",
   [["import dynlibs", "00000000000006bb"],
    ["package external libraries", "00000000000006bb"],
    ["module dynlibs", "00000000000006bb"],
    ["module plugins", "00000000000006bb"]]],
  ["Lean 4.33.1, commit 819816b2e0a3bf405af45ae5c7af2491d8f5bee6",
   "0051240b7c23c453"],
  ["/home/runner/work/oak/oak/spec/lean/Oak/RecordLayout.lean",
   "f95c8cfae2a74a92"],
  ["options", "00000000000006bb"],
  ["isModule: false", "feefd2a0d3a1847e"],
  ["Module.name: Oak.RecordLayout", "9c54b9f3b250d810"],
  ["Package.id?: (some oak-spec)", "d0f7d8d2397854e7"],
  ["Module.leanArgs: #[]", "00000000000006bb"]],
 "depHash": "570b7563a5d33681"}