{"synthetic": false,
 "schemaVersion": "2025-09-10",
 "outputs":
 {"o": ["2e0753ff9ef7cffb.olean"],
  "m": false,
  "i": "da9d32d0d1d84ffd.ilean",
  "c": "00b680a12429f760.c"},
 "log":
 [{"message":
   ".> LEAN_PATH=/home/runner/work/oak/oak/spec/lean/.lake/build/lib/lean /home/runner/.elan/toolchains/leanprover--lean4---v4.33.1/bin/lean /home/runner/work/oak/oak/spec/lean/Oak/RegionLifetime.lean -o /home/runner/work/oak/oak/spec/lean/.lake/build/lib/lean/Oak/RegionLifetime.olean -i /home/runner/work/oak/oak/spec/lean/.lake/build/lib/lean/Oak/RegionLifetime.ilean -c /home/runner/work/oak/oak/spec/lean/.lake/build/ir/Oak/RegionLifetime.c --setup /home/runner/work/oak/oak/spec/lean/.lake/build/ir/Oak/RegionLifetime.setup.json --json",
   "level": "trace"}],
 "inputs":
 [["deps",
   [["«oak-spec»/Oak:extraDep", [["@«oak-spec»:extraDep", "00000000000006bb"]]],
    ["imports", "00000000000006bb"]]],
  ["libs",
   [["import dynlibs", "00000000000006bb"],
    ["package external libraries", "00000000000006bb"],
    ["module dynlibs", "00000000000006bb"],
    ["module plugins", "00000000000006bb"]]],
  ["Lean 4.33.1, commit 819816b2e0a3bf405af45ae5c7af2491d8f5bee6",
   "0051240b7c23c453"],
  ["/home/runner/work/oak/oak/spec/lean/Oak/RegionLifetime.lean",
   "9f195088b14bbf32"],
  ["options", "00000000000006bb"],
  ["isModule: false", "feefd2a0d3a1847e"],
  ["Module.name: Oak.RegionLifetime", "ae0ffc3c5756ac30"],
  ["Package.id?: (some oak-spec)", "d0f7d8d2397854e7"],
  ["Module.leanArgs: #[]", "00000000000006bb"]],
 "depHash": "6b66024561ed86fd"}