{"synthetic": false,
 "schemaVersion": "2025-09-10",
 "outputs":
 {"o": ["d0f321be1b92bb67.olean"],
  "m": false,
  "i": "bb89298aaa231163.ilean",
  "c": "531d1729c57917a1.c"},
 "log":
 [{"message":
   ".> LEAN_PATH=/home/runner/work/oak/oak/spec/lean/.lake/build/lib/lean /home/runner/.elan/toolchains/leanprover--lean4---v4.33.1/bin/lean /home/runner/work/oak/oak/spec/lean/Oak/RepresentationPolymorphism.lean -o /home/runner/work/oak/oak/spec/lean/.lake/build/lib/lean/Oak/RepresentationPolymorphism.olean -i /home/runner/work/oak/oak/spec/lean/.lake/build/lib/lean/Oak/RepresentationPolymorphism.ilean -c /home/runner/work/oak/oak/spec/lean/.lake/build/ir/Oak/RepresentationPolymorphism.c --setup /home/runner/work/oak/oak/spec/lean/.lake/build/ir/Oak/RepresentationPolymorphism.setup.json --json",
   "level": "trace"}],
 "inputs":
 [["deps",
   [["«oak-spec»/Oak:extraDep", [["@«oak-spec»:extraDep", "00000000000006bb"]]],
    ["imports", "00000000000006bb"]]],
  ["libs",
   [["import dynlibs", "00000000000006bb"],
    ["package external libraries", "00000000000006bb"],
    ["module dynlibs", "00000000000006bb"],
    ["module plugins", "00000000000006bb"]]],
  ["Lean 4.33.1, commit 819816b2e0a3bf405af45ae5c7af2491d8f5bee6",
   "0051240b7c23c453"],
  ["/home/runner/work/oak/oak/spec/lean/Oak/RepresentationPolymorphism.lean",
   "1885aff60a595bc1"],
  ["options", "00000000000006bb"],
  ["isModule: false", "feefd2a0d3a1847e"],
  ["Module.name: Oak.RepresentationPolymorphism", "47869f2d1073d0c2"],
  ["Package.id?: (some oak-spec)", "d0f7d8d2397854e7"],
  ["Module.leanArgs: #[]", "00000000000006bb"]],
 "depHash": "6276ff390ca51a2b"}