{"synthetic": false,
 "schemaVersion": "2025-09-10",
 "outputs":
 {"o": ["29061de60c0d74b6.olean"],
  "m": false,
  "i": "e6fee7fd1b1b147d.ilean",
  "c": "13bf4ba893f01ff3.c"},
 "log":
 [{"message":
   ".> LEAN_PATH=/home/runner/work/oak/oak/spec/lean/.lake/build/lib/lean /home/runner/.elan/toolchains/leanprover--lean4---v4.33.1/bin/lean /home/runner/work/oak/oak/spec/lean/Oak/SourcePosition.lean -o /home/runner/work/oak/oak/spec/lean/.lake/build/lib/lean/Oak/SourcePosition.olean -i /home/runner/work/oak/oak/spec/lean/.lake/build/lib/lean/Oak/SourcePosition.ilean -c /home/runner/work/oak/oak/spec/lean/.lake/build/ir/Oak/SourcePosition.c --setup /home/runner/work/oak/oak/spec/lean/.lake/build/ir/Oak/SourcePosition.setup.json --json",
   "level": "trace"}],
 "inputs":
 [["deps",
   [["«oak-spec»/Oak:extraDep", [["@«oak-spec»:extraDep", "00000000000006bb"]]],
    ["imports", "00000000000006bb"]]],
  ["libs",
   [["import dynlibs", "00000000000006bb"],
    ["package external libraries", "00000000000006bb"],
    ["module dynlibs", "00000000000006bb"],
    ["module plugins", "00000000000006bb"]]],
  ["Lean 4.33.1, commit 819816b2e0a3bf405af45ae5c7af2491d8f5bee6",
   "0051240b7c23c453"],
  ["/home/runner/work/oak/oak/spec/lean/Oak/SourcePosition.lean",
   "4ec4f9ec278216f5"],
  ["options", "00000000000006bb"],
  ["isModule: false", "feefd2a0d3a1847e"],
  ["Module.name: Oak.SourcePosition", "f5b7064208c1ddf5"],
  ["Package.id?: (some oak-spec)", "d0f7d8d2397854e7"],
  ["Module.leanArgs: #[]", "00000000000006bb"]],
 "depHash": "8afb54ef67d5b4e6"}