{"synthetic": false,
 "schemaVersion": "2025-09-10",
 "outputs":
 {"o": ["f74af0a42d86efc8.olean"],
  "m": false,
  "i": "47f370c3007f6650.ilean",
  "c": "d529387b355d1ba3.c"},
 "log":
 [{"message":
   ".> LEAN_PATH=/home/runner/work/oak/oak/spec/lean/.lake/build/lib/lean /home/runner/.elan/toolchains/leanprover--lean4---v4.33.1/bin/lean /home/runner/work/oak/oak/spec/lean/Oak/TypeLattice.lean -o /home/runner/work/oak/oak/spec/lean/.lake/build/lib/lean/Oak/TypeLattice.olean -i /home/runner/work/oak/oak/spec/lean/.lake/build/lib/lean/Oak/TypeLattice.ilean -c /home/runner/work/oak/oak/spec/lean/.lake/build/ir/Oak/TypeLattice.c --setup /home/runner/work/oak/oak/spec/lean/.lake/build/ir/Oak/TypeLattice.setup.json --json",
   "level": "trace"}],
 "inputs":
 [["deps",
   [["«oak-spec»/Oak:extraDep", [["@«oak-spec»:extraDep", "00000000000006bb"]]],
    ["imports", "00000000000006bb"]]],
  ["libs",
   [["import dynlibs", "00000000000006bb"],
    ["package external libraries", "00000000000006bb"],
    ["module dynlibs", "00000000000006bb"],
    ["module plugins", "00000000000006bb"]]],
  ["Lean 4.33.1, commit 819816b2e0a3bf405af45ae5c7af2491d8f5bee6",
   "0051240b7c23c453"],
  ["/home/runner/work/oak/oak/spec/lean/Oak/TypeLattice.lean",
   "80ba6ca8c7d70658"],
  ["options", "00000000000006bb"],
  ["isModule: false", "feefd2a0d3a1847e"],
  ["Module.name: Oak.TypeLattice", "cb656026ef667005"],
  ["Package.id?: (some oak-spec)", "d0f7d8d2397854e7"],
  ["Module.leanArgs: #[]", "00000000000006bb"]],
 "depHash": "63e6ff3f1bbfe327"}