{"synthetic": false,
 "schemaVersion": "2025-09-10",
 "outputs":
 {"o": ["b0c8e253a264b4a2.olean"],
  "m": false,
  "i": "15eb445a3d4ad857.ilean",
  "c": "ffae7375a7a715f4.c"},
 "log":
 [{"message":
   ".> LEAN_PATH=/home/runner/work/oak/oak/spec/lean/.lake/build/lib/lean /home/runner/.elan/toolchains/leanprover--lean4---v4.33.1/bin/lean /home/runner/work/oak/oak/spec/lean/Oak/TypeVarIdentity.lean -o /home/runner/work/oak/oak/spec/lean/.lake/build/lib/lean/Oak/TypeVarIdentity.olean -i /home/runner/work/oak/oak/spec/lean/.lake/build/lib/lean/Oak/TypeVarIdentity.ilean -c /home/runner/work/oak/oak/spec/lean/.lake/build/ir/Oak/TypeVarIdentity.c --setup /home/runner/work/oak/oak/spec/lean/.lake/build/ir/Oak/TypeVarIdentity.setup.json --json",
   "level": "trace"}],
 "inputs":
 [["deps",
   [["«oak-spec»/Oak:extraDep", [["@«oak-spec»:extraDep", "00000000000006bb"]]],
    ["imports", "00000000000006bb"]]],
  ["libs",
   [["import dynlibs", "00000000000006bb"],
    ["package external libraries", "00000000000006bb"],
    ["module dynlibs", "00000000000006bb"],
    ["module plugins", "00000000000006bb"]]],
  ["Lean 4.33.1, commit 819816b2e0a3bf405af45ae5c7af2491d8f5bee6",
   "0051240b7c23c453"],
  ["/home/runner/work/oak/oak/spec/lean/Oak/TypeVarIdentity.lean",
   "a0889669161dc4db"],
  ["options", "00000000000006bb"],
  ["isModule: false", "feefd2a0d3a1847e"],
  ["Module.name: Oak.TypeVarIdentity", "00ddd4161165dc66"],
  ["Package.id?: (some oak-spec)", "d0f7d8d2397854e7"],
  ["Module.leanArgs: #[]", "00000000000006bb"]],
 "depHash": "4ffcd802a75a157f"}