{"synthetic": false,
 "schemaVersion": "2025-09-10",
 "outputs":
 {"o": ["54e7a781ba970b06.olean"],
  "m": false,
  "i": "ee6d716895239cc8.ilean",
  "c": "829e3746ad87dfda.c"},
 "log":
 [{"message":
   ".> LEAN_PATH=/home/runner/work/oak/oak/spec/lean/.lake/build/lib/lean /home/runner/.elan/toolchains/leanprover--lean4---v4.33.1/bin/lean /home/runner/work/oak/oak/spec/lean/Oak.lean -o /home/runner/work/oak/oak/spec/lean/.lake/build/lib/lean/Oak.olean -i /home/runner/work/oak/oak/spec/lean/.lake/build/lib/lean/Oak.ilean -c /home/runner/work/oak/oak/spec/lean/.lake/build/ir/Oak.c --setup /home/runner/work/oak/oak/spec/lean/.lake/build/ir/Oak.setup.json --json",
   "level": "trace"}],
 "inputs":
 [["deps",
   [["«oak-spec»/Oak:extraDep", [["@«oak-spec»:extraDep", "00000000000006bb"]]],
    ["imports",
     [["Oak.TypeLattice transitive imports (legacy)", "00000000000006bb"],
      ["Oak.TypeLattice:importAllArts", "855e9df73e1c3c3f"],
      ["Oak.Effects transitive imports (legacy)", "00000000000006bb"],
      ["Oak.Effects:importAllArts", "cd670e763c71a3d3"],
      ["Oak.Borrowing transitive imports (legacy)", "00000000000006bb"],
      ["Oak.Borrowing:importAllArts", "752bc855da04e68d"],
      ["Oak.BorrowRegions transitive imports (legacy)", "00000000000006bb"],
      ["Oak.BorrowRegions:importAllArts", "89a90b606f234020"],
      ["Oak.Reborrow transitive imports (legacy)", "00000000000006bb"],
      ["Oak.Reborrow:importAllArts", "ad1cbf423db37afc"],
      ["Oak.Handles transitive imports (legacy)", "00000000000006bb"],
      ["Oak.Handles:importAllArts", "d720a819fb3674af"],
      ["Oak.Slab transitive imports (legacy)", "00000000000006bb"],
      ["Oak.Slab:importAllArts", "1cb6de10f4e6f5f2"],
      ["Oak.Exhaustiveness transitive imports (legacy)", "00000000000006bb"],
      ["Oak.Exhaustiveness:importAllArts", "6c9349f0c48d197a"],
      ["Oak.SourcePosition transitive imports (legacy)", "00000000000006bb"],
      ["Oak.SourcePosition:importAllArts", "db22edd981fd255e"],
      ["Oak.Delimited transitive imports (legacy)", "00000000000006bb"],
      ["Oak.Delimited:importAllArts", "e78079c53c7ff843"],
      ["Oak.RegionLifetime transitive imports (legacy)", "00000000000006bb"],
      ["Oak.RegionLifetime:importAllArts", "cfb16e022f553b5e"],
      ["Oak.PhantomRepresentation transitive imports (legacy)",
       "00000000000006bb"],
      ["Oak.PhantomRepresentation:importAllArts", "93b8a431619562b2"],
      ["Oak.Layout transitive imports (legacy)", "00000000000006bb"],
      ["Oak.Layout:importAllArts", "ac9337fad101ff1a"],
      ["Oak.RecordLayout transitive imports (legacy)", "00000000000006bb"],
      ["Oak.RecordLayout:importAllArts", "ecf13c3abc71a4ab"],
      ["Oak.RecordShape transitive imports (legacy)", "00000000000006bb"],
      ["Oak.RecordShape:importAllArts", "ce99b2c79d36b0b6"],
      ["Oak.RecordShapeRefinement transitive imports (legacy)",
       "ef166df946f356a4"],
      ["Oak.RecordShapeRefinement:importAllArts", "16a02cca0f518e3a"],
      ["Oak.GenericConstraintRefinement transitive imports (legacy)",
       "9dc62d5c3fcee5a2"],
      ["Oak.GenericConstraintRefinement:importAllArts", "3dfe9c94608d69e5"],
      ["Oak.RepresentationPolymorphism transitive imports (legacy)",
       "00000000000006bb"],
      ["Oak.RepresentationPolymorphism:importAllArts", "07feda7e7b060cb1"],
      ["Oak.TypeVarIdentity transitive imports (legacy)", "00000000000006bb"],
      ["Oak.TypeVarIdentity:importAllArts", "49160f576ae932a1"],
      ["Oak.GeneralizationSafety transitive imports (legacy)",
       "00000000000006bb"],
      ["Oak.GeneralizationSafety:importAllArts", "859cb4a7eccf5adf"],
      ["Oak.Diagnostics transitive imports (legacy)", "00000000000006bb"],
      ["Oak.Diagnostics:importAllArts", "e5e8883904319b4b"]]]]],
  ["libs",
   [["import dynlibs", "00000000000006bb"],
    ["package external libraries", "00000000000006bb"],
    ["module dynlibs", "00000000000006bb"],
    ["module plugins", "00000000000006bb"]]],
  ["Lean 4.33.1, commit 819816b2e0a3bf405af45ae5c7af2491d8f5bee6",
   "0051240b7c23c453"],
  ["/home/runner/work/oak/oak/spec/lean/Oak.lean", "c2f52d612675da19"],
  ["options", "00000000000006bb"],
  ["isModule: false", "feefd2a0d3a1847e"],
  ["Module.name: Oak", "59f629813275a87c"],
  ["Package.id?: (some oak-spec)", "d0f7d8d2397854e7"],
  ["Module.leanArgs: #[]", "00000000000006bb"]],
 "depHash": "69bbe0d96c3c8155"}